Archive member included to satisfy reference by file (symbol)

m:/atmelstudio/7.0/toolchain/avr8/avr8-gnu-toolchain/bin/../lib/gcc/avr/5.4.0/../../../../avr/lib/avr5\libm.a(addsf3.o)
                              main.o (__subsf3)
m:/atmelstudio/7.0/toolchain/avr8/avr8-gnu-toolchain/bin/../lib/gcc/avr/5.4.0/../../../../avr/lib/avr5\libm.a(addsf3x.o)
                              m:/atmelstudio/7.0/toolchain/avr8/avr8-gnu-toolchain/bin/../lib/gcc/avr/5.4.0/../../../../avr/lib/avr5\libm.a(addsf3.o) (__addsf3x)
m:/atmelstudio/7.0/toolchain/avr8/avr8-gnu-toolchain/bin/../lib/gcc/avr/5.4.0/../../../../avr/lib/avr5\libm.a(cmpsf2.o)
                              main.o (__eqsf2)
m:/atmelstudio/7.0/toolchain/avr8/avr8-gnu-toolchain/bin/../lib/gcc/avr/5.4.0/../../../../avr/lib/avr5\libm.a(divsf3.o)
                              main.o (__divsf3)
m:/atmelstudio/7.0/toolchain/avr8/avr8-gnu-toolchain/bin/../lib/gcc/avr/5.4.0/../../../../avr/lib/avr5\libm.a(divsf3x.o)
                              m:/atmelstudio/7.0/toolchain/avr8/avr8-gnu-toolchain/bin/../lib/gcc/avr/5.4.0/../../../../avr/lib/avr5\libm.a(divsf3.o) (__divsf3x)
m:/atmelstudio/7.0/toolchain/avr8/avr8-gnu-toolchain/bin/../lib/gcc/avr/5.4.0/../../../../avr/lib/avr5\libm.a(fixsfsi.o)
                              main.o (__fixsfsi)
m:/atmelstudio/7.0/toolchain/avr8/avr8-gnu-toolchain/bin/../lib/gcc/avr/5.4.0/../../../../avr/lib/avr5\libm.a(fixunssfsi.o)
                              m:/atmelstudio/7.0/toolchain/avr8/avr8-gnu-toolchain/bin/../lib/gcc/avr/5.4.0/../../../../avr/lib/avr5\libm.a(fixsfsi.o) (__fixunssfsi)
m:/atmelstudio/7.0/toolchain/avr8/avr8-gnu-toolchain/bin/../lib/gcc/avr/5.4.0/../../../../avr/lib/avr5\libm.a(floatsisf.o)
                              main.o (__floatunsisf)
m:/atmelstudio/7.0/toolchain/avr8/avr8-gnu-toolchain/bin/../lib/gcc/avr/5.4.0/../../../../avr/lib/avr5\libm.a(fp_cmp.o)
                              m:/atmelstudio/7.0/toolchain/avr8/avr8-gnu-toolchain/bin/../lib/gcc/avr/5.4.0/../../../../avr/lib/avr5\libm.a(cmpsf2.o) (__fp_cmp)
m:/atmelstudio/7.0/toolchain/avr8/avr8-gnu-toolchain/bin/../lib/gcc/avr/5.4.0/../../../../avr/lib/avr5\libm.a(fp_inf.o)
                              m:/atmelstudio/7.0/toolchain/avr8/avr8-gnu-toolchain/bin/../lib/gcc/avr/5.4.0/../../../../avr/lib/avr5\libm.a(addsf3x.o) (__fp_inf)
m:/atmelstudio/7.0/toolchain/avr8/avr8-gnu-toolchain/bin/../lib/gcc/avr/5.4.0/../../../../avr/lib/avr5\libm.a(fp_nan.o)
                              m:/atmelstudio/7.0/toolchain/avr8/avr8-gnu-toolchain/bin/../lib/gcc/avr/5.4.0/../../../../avr/lib/avr5\libm.a(addsf3x.o) (__fp_nan)
m:/atmelstudio/7.0/toolchain/avr8/avr8-gnu-toolchain/bin/../lib/gcc/avr/5.4.0/../../../../avr/lib/avr5\libm.a(fp_pscA.o)
                              m:/atmelstudio/7.0/toolchain/avr8/avr8-gnu-toolchain/bin/../lib/gcc/avr/5.4.0/../../../../avr/lib/avr5\libm.a(addsf3x.o) (__fp_pscA)
m:/atmelstudio/7.0/toolchain/avr8/avr8-gnu-toolchain/bin/../lib/gcc/avr/5.4.0/../../../../avr/lib/avr5\libm.a(fp_pscB.o)
                              m:/atmelstudio/7.0/toolchain/avr8/avr8-gnu-toolchain/bin/../lib/gcc/avr/5.4.0/../../../../avr/lib/avr5\libm.a(addsf3x.o) (__fp_pscB)
m:/atmelstudio/7.0/toolchain/avr8/avr8-gnu-toolchain/bin/../lib/gcc/avr/5.4.0/../../../../avr/lib/avr5\libm.a(fp_round.o)
                              m:/atmelstudio/7.0/toolchain/avr8/avr8-gnu-toolchain/bin/../lib/gcc/avr/5.4.0/../../../../avr/lib/avr5\libm.a(addsf3.o) (__fp_round)
m:/atmelstudio/7.0/toolchain/avr8/avr8-gnu-toolchain/bin/../lib/gcc/avr/5.4.0/../../../../avr/lib/avr5\libm.a(fp_split3.o)
                              m:/atmelstudio/7.0/toolchain/avr8/avr8-gnu-toolchain/bin/../lib/gcc/avr/5.4.0/../../../../avr/lib/avr5\libm.a(addsf3x.o) (__fp_split3)
m:/atmelstudio/7.0/toolchain/avr8/avr8-gnu-toolchain/bin/../lib/gcc/avr/5.4.0/../../../../avr/lib/avr5\libm.a(fp_zero.o)
                              m:/atmelstudio/7.0/toolchain/avr8/avr8-gnu-toolchain/bin/../lib/gcc/avr/5.4.0/../../../../avr/lib/avr5\libm.a(addsf3x.o) (__fp_zero)
m:/atmelstudio/7.0/toolchain/avr8/avr8-gnu-toolchain/bin/../lib/gcc/avr/5.4.0/../../../../avr/lib/avr5\libm.a(mulsf3.o)
                              main.o (__mulsf3)
m:/atmelstudio/7.0/toolchain/avr8/avr8-gnu-toolchain/bin/../lib/gcc/avr/5.4.0/../../../../avr/lib/avr5\libm.a(mulsf3x.o)
                              m:/atmelstudio/7.0/toolchain/avr8/avr8-gnu-toolchain/bin/../lib/gcc/avr/5.4.0/../../../../avr/lib/avr5\libm.a(mulsf3.o) (__mulsf3x)
m:/atmelstudio/7.0/toolchain/avr8/avr8-gnu-toolchain/bin/../lib/gcc/avr/5.4.0/avr5\libgcc.a(_divmodhi4.o)
                              main.o (__divmodhi4)
m:/atmelstudio/7.0/toolchain/avr8/avr8-gnu-toolchain/bin/../lib/gcc/avr/5.4.0/avr5\libgcc.a(_udivmodsi4.o)
                              main.o (__udivmodsi4)
m:/atmelstudio/7.0/toolchain/avr8/avr8-gnu-toolchain/bin/../lib/gcc/avr/5.4.0/avr5\libgcc.a(_divmodsi4.o)
                              Timer.o (__divmodsi4)
[...]
Memory Configuration

Name             Origin             Length             Attributes
text             0x00000000         0x00020000         xr
data             0x00800060         0x0000ffa0         rw !x
eeprom           0x00810000         0x00010000         rw !x
fuse             0x00820000         0x00000003         rw !x
lock             0x00830000         0x00000400         rw !x
signature        0x00840000         0x00000400         rw !x
user_signatures  0x00850000         0x00000400         rw !x
*default*        0x00000000         0xffffffff

Linker script and memory map

Address of section .data set to 0x800100
LOAD M:/AtmelStudio/7.0/Packs/atmel/ATmega_DFP/1.3.300/gcc/dev/atmega32u4/avr5/crtatmega32u4.o
LOAD Descriptors.o
LOAD EEMPROM.o
LOAD jtUSB.o
LOAD LUFA/Drivers/Board/Temperature.o
LOAD LUFA/Drivers/Peripheral/AVR8/Serial_AVR8.o
LOAD LUFA/Drivers/Peripheral/AVR8/TWI_AVR8.o
LOAD LUFA/Drivers/Peripheral/XMEGA/Serial_XMEGA.o
LOAD LUFA/Drivers/Peripheral/XMEGA/TWI_XMEGA.o
LOAD LUFA/Drivers/USB/Class/Common/HIDParser.o
LOAD LUFA/Drivers/USB/Class/Device/AudioClassDevice.o
LOAD LUFA/Drivers/USB/Class/Device/CDCClassDevice.o
LOAD LUFA/Drivers/USB/Class/Device/HIDClassDevice.o
LOAD LUFA/Drivers/USB/Class/Device/MassStorageClassDevice.o
LOAD LUFA/Drivers/USB/Class/Device/MIDIClassDevice.o
LOAD LUFA/Drivers/USB/Class/Device/PrinterClassDevice.o
LOAD LUFA/Drivers/USB/Class/Device/RNDISClassDevice.o
LOAD LUFA/Drivers/USB/Class/Host/AndroidAccessoryClassHost.o
LOAD LUFA/Drivers/USB/Class/Host/AudioClassHost.o
LOAD LUFA/Drivers/USB/Class/Host/CDCClassHost.o
LOAD LUFA/Drivers/USB/Class/Host/HIDClassHost.o
LOAD LUFA/Drivers/USB/Class/Host/MassStorageClassHost.o
LOAD LUFA/Drivers/USB/Class/Host/MIDIClassHost.o
LOAD LUFA/Drivers/USB/Class/Host/PrinterClassHost.o
LOAD LUFA/Drivers/USB/Class/Host/RNDISClassHost.o
LOAD LUFA/Drivers/USB/Class/Host/StillImageClassHost.o
LOAD LUFA/Drivers/USB/Core/AVR8/Device_AVR8.o
LOAD LUFA/Drivers/USB/Core/AVR8/EndpointStream_AVR8.o
LOAD LUFA/Drivers/USB/Core/AVR8/Endpoint_AVR8.o
LOAD LUFA/Drivers/USB/Core/AVR8/Host_AVR8.o
LOAD LUFA/Drivers/USB/Core/AVR8/PipeStream_AVR8.o
LOAD LUFA/Drivers/USB/Core/AVR8/Pipe_AVR8.o
LOAD LUFA/Drivers/USB/Core/AVR8/Template/Template_Endpoint_Control_R.o
LOAD LUFA/Drivers/USB/Core/AVR8/Template/Template_Endpoint_Control_W.o
LOAD LUFA/Drivers/USB/Core/AVR8/Template/Template_Endpoint_RW.o
LOAD LUFA/Drivers/USB/Core/AVR8/Template/Template_Pipe_RW.o
LOAD LUFA/Drivers/USB/Core/AVR8/USBController_AVR8.o
LOAD LUFA/Drivers/USB/Core/AVR8/USBInterrupt_AVR8.o
LOAD LUFA/Drivers/USB/Core/ConfigDescriptors.o
LOAD LUFA/Drivers/USB/Core/DeviceStandardReq.o
LOAD LUFA/Drivers/USB/Core/Events.o
LOAD LUFA/Drivers/USB/Core/HostStandardReq.o
LOAD LUFA/Drivers/USB/Core/UC3/Device_UC3.o
LOAD LUFA/Drivers/USB/Core/UC3/EndpointStream_UC3.o
LOAD LUFA/Drivers/USB/Core/UC3/Endpoint_UC3.o
LOAD LUFA/Drivers/USB/Core/UC3/Host_UC3.o
LOAD LUFA/Drivers/USB/Core/UC3/PipeStream_UC3.o
LOAD LUFA/Drivers/USB/Core/UC3/Pipe_UC3.o
LOAD LUFA/Drivers/USB/Core/UC3/Template/Template_Endpoint_Control_R.o
LOAD LUFA/Drivers/USB/Core/UC3/Template/Template_Endpoint_Control_W.o
LOAD LUFA/Drivers/USB/Core/UC3/Template/Template_Endpoint_RW.o
LOAD LUFA/Drivers/USB/Core/UC3/Template/Template_Pipe_RW.o
LOAD LUFA/Drivers/USB/Core/UC3/USBController_UC3.o
LOAD LUFA/Drivers/USB/Core/UC3/USBInterrupt_UC3.o
LOAD LUFA/Drivers/USB/Core/USBTask.o
LOAD LUFA/Drivers/USB/Core/XMEGA/Device_XMEGA.o
LOAD LUFA/Drivers/USB/Core/XMEGA/EndpointStream_XMEGA.o
LOAD LUFA/Drivers/USB/Core/XMEGA/Endpoint_XMEGA.o
LOAD LUFA/Drivers/USB/Core/XMEGA/Host_XMEGA.o
LOAD LUFA/Drivers/USB/Core/XMEGA/PipeStream_XMEGA.o
LOAD LUFA/Drivers/USB/Core/XMEGA/Pipe_XMEGA.o
LOAD LUFA/Drivers/USB/Core/XMEGA/Template/Template_Endpoint_Control_R.o
LOAD LUFA/Drivers/USB/Core/XMEGA/Template/Template_Endpoint_Control_W.o
LOAD LUFA/Drivers/USB/Core/XMEGA/Template/Template_Endpoint_RW.o
LOAD LUFA/Drivers/USB/Core/XMEGA/USBController_XMEGA.o
LOAD LUFA/Drivers/USB/Core/XMEGA/USBInterrupt_XMEGA.o
LOAD LUFA/Platform/UC3/Exception.o
LOAD LUFA/Platform/UC3/InterruptManagement.o
LOAD main.o
LOAD Ticket.o
LOAD Timer.o
LOAD TWI.o
START GROUP
LOAD m:/atmelstudio/7.0/toolchain/avr8/avr8-gnu-toolchain/bin/../lib/gcc/avr/5.4.0/../../../../avr/lib/avr5\libm.a
END GROUP
START GROUP
LOAD m:/atmelstudio/7.0/toolchain/avr8/avr8-gnu-toolchain/bin/../lib/gcc/avr/5.4.0/avr5\libgcc.a
LOAD m:/atmelstudio/7.0/toolchain/avr8/avr8-gnu-toolchain/bin/../lib/gcc/avr/5.4.0/../../../../avr/lib/avr5\libm.a
LOAD m:/atmelstudio/7.0/toolchain/avr8/avr8-gnu-toolchain/bin/../lib/gcc/avr/5.4.0/../../../../avr/lib/avr5\libc.a
LOAD M:/AtmelStudio/7.0/Packs/atmel/ATmega_DFP/1.3.300/gcc/dev/atmega32u4/avr5\libatmega32u4.a
END GROUP
                0x00000000                __TEXT_REGION_ORIGIN__ = DEFINED (__TEXT_REGION_ORIGIN__)?__TEXT_REGION_ORIGIN__:0x0
                0x00800060                __DATA_REGION_ORIGIN__ = DEFINED (__DATA_REGION_ORIGIN__)?__DATA_REGION_ORIGIN__:0x800060
                0x00020000                __TEXT_REGION_LENGTH__ = DEFINED (__TEXT_REGION_LENGTH__)?__TEXT_REGION_LENGTH__:0x20000
                0x0000ffa0                __DATA_REGION_LENGTH__ = DEFINED (__DATA_REGION_LENGTH__)?__DATA_REGION_LENGTH__:0xffa0
                0x00010000                __EEPROM_REGION_LENGTH__ = DEFINED (__EEPROM_REGION_LENGTH__)?__EEPROM_REGION_LENGTH__:0x10000
                [0x00000003]                __FUSE_REGION_LENGTH__ = DEFINED (__FUSE_REGION_LENGTH__)?__FUSE_REGION_LENGTH__:0x400
                0x00000400                __LOCK_REGION_LENGTH__ = DEFINED (__LOCK_REGION_LENGTH__)?__LOCK_REGION_LENGTH__:0x400
                0x00000400                __SIGNATURE_REGION_LENGTH__ = DEFINED (__SIGNATURE_REGION_LENGTH__)?__SIGNATURE_REGION_LENGTH__:0x400
                0x00000400                __USER_SIGNATURE_REGION_LENGTH__ = DEFINED (__USER_SIGNATURE_REGION_LENGTH__)?__USER_SIGNATURE_REGION_LENGTH__:0x400

.hash
 *(.hash)

.dynsym
 *(.dynsym)

.dynstr
 *(.dynstr)

.gnu.version
 *(.gnu.version)

.gnu.version_d
 *(.gnu.version_d)

.gnu.version_r
 *(.gnu.version_r)

.rel.init
 *(.rel.init)

.rela.init
 *(.rela.init)

.rel.text
 *(.rel.text)
 *(.rel.text.*)
 *(.rel.gnu.linkonce.t*)

.rela.text
 *(.rela.text)
 *(.rela.text.*)
 *(.rela.gnu.linkonce.t*)

.rel.fini
 *(.rel.fini)

.rela.fini
 *(.rela.fini)

.rel.rodata
 *(.rel.rodata)
 *(.rel.rodata.*)
 *(.rel.gnu.linkonce.r*)

.rela.rodata
 *(.rela.rodata)
 *(.rela.rodata.*)
 *(.rela.gnu.linkonce.r*)

.rel.data
 *(.rel.data)
 *(.rel.data.*)
 *(.rel.gnu.linkonce.d*)

.rela.data
 *(.rela.data)
 *(.rela.data.*)
 *(.rela.gnu.linkonce.d*)

.rel.ctors
 *(.rel.ctors)

.rela.ctors
 *(.rela.ctors)

.rel.dtors
 *(.rel.dtors)

.rela.dtors
 *(.rela.dtors)

.rel.got
 *(.rel.got)

.rela.got
 *(.rela.got)

.rel.bss
 *(.rel.bss)

.rela.bss
 *(.rela.bss)

.rel.plt
 *(.rel.plt)

.rela.plt
 *(.rela.plt)

.text           0x00000000     0x29d6
 *(.vectors)
 .vectors       0x00000000       0xac M:/AtmelStudio/7.0/Packs/atmel/ATmega_DFP/1.3.300/gcc/dev/atmega32u4/avr5/crtatmega32u4.o
                0x00000000                __vectors
 *(.vectors)
 *(.progmem.gcc*)
 .progmem.gcc_sw_table.USB_Device_ProcessControlRequest
                0x000000ac       0x14 LUFA/Drivers/USB/Core/DeviceStandardReq.o
 .progmem.gcc_sw_table.__vector_36
                0x000000c0       0xa2 TWI.o
                0x00000162                . = ALIGN (0x2)
                0x00000162                __trampolines_start = .
 *(.trampolines)
 .trampolines   0x00000162        0x0 linker stubs
 *(.trampolines*)
                0x00000162                __trampolines_end = .
 *libprintf_flt.a:*(.progmem.data)
 *libc.a:*(.progmem.data)
 *(.progmem*)
 .progmem.data.LanguageString
                0x00000162        0x4 Descriptors.o
                0x00000162                LanguageString
                0x00000166                . = ALIGN (0x2)
 *(.jumptables)
 *(.jumptables*)
 *(.lowtext)
 *(.lowtext*)
                0x00000166                __ctors_start = .
 *(.ctors)
                0x00000166                __ctors_end = .
                0x00000166                __dtors_start = .
 *(.dtors)
                0x00000166                __dtors_end = .
 SORT(*)(.ctors)
 SORT(*)(.dtors)
 *(.init0)
 .init0         0x00000166        0x0 M:/AtmelStudio/7.0/Packs/atmel/ATmega_DFP/1.3.300/gcc/dev/atmega32u4/avr5/crtatmega32u4.o
                0x00000166                __init
 *(.init0)
 *(.init1)
 *(.init1)
 *(.init2)
 .init2         0x00000166        0xc M:/AtmelStudio/7.0/Packs/atmel/ATmega_DFP/1.3.300/gcc/dev/atmega32u4/avr5/crtatmega32u4.o
 *(.init2)
 *(.init3)
 *(.init3)
 *(.init4)
 .init4         0x00000172       0x16 m:/atmelstudio/7.0/toolchain/avr8/avr8-gnu-toolchain/bin/../lib/gcc/avr/5.4.0/avr5\libgcc.a(_copy_data.o)
                0x00000172                __do_copy_data
 .init4         0x00000188       0x10 m:/atmelstudio/7.0/toolchain/avr8/avr8-gnu-toolchain/bin/../lib/gcc/avr/5.4.0/avr5\libgcc.a(_clear_bss.o)
                0x00000188                __do_clear_bss
 *(.init4)
 *(.init5)
 *(.init5)
 *(.init6)
 *(.init6)
 *(.init7)
 *(.init7)
 *(.init8)
 *(.init8)
 *(.init9)
 .init9         0x00000198        0x8 M:/AtmelStudio/7.0/Packs/atmel/ATmega_DFP/1.3.300/gcc/dev/atmega32u4/avr5/crtatmega32u4.o
 *(.init9)
 *(.text)
 .text          0x000001a0        0x4 M:/AtmelStudio/7.0/Packs/atmel/ATmega_DFP/1.3.300/gcc/dev/atmega32u4/avr5/crtatmega32u4.o
                0x000001a0                __vector_38
                0x000001a0                __vector_22
                0x000001a0                __vector_28
                0x000001a0                __vector_1
                0x000001a0                __vector_24
                0x000001a0                __vector_12
                0x000001a0                __bad_interrupt
                0x000001a0                __vector_6
                0x000001a0                __vector_31
                0x000001a0                __vector_39
                0x000001a0                __vector_3
                0x000001a0                __vector_23
                0x000001a0                __vector_30
                0x000001a0                __vector_25
                0x000001a0                __vector_11
                0x000001a0                __vector_13
                0x000001a0                __vector_7
                0x000001a0                __vector_41
                0x000001a0                __vector_27
                0x000001a0                __vector_5
                0x000001a0                __vector_37
                0x000001a0                __vector_4
                0x000001a0                __vector_9
                0x000001a0                __vector_2
                0x000001a0                __vector_21
                0x000001a0                __vector_15
                0x000001a0                __vector_29
                0x000001a0                __vector_40
                0x000001a0                __vector_8
                0x000001a0                __vector_26
                0x000001a0                __vector_14
                0x000001a0                __vector_42
                0x000001a4                . = ALIGN (0x2)
 *(.text.*)
 .text.CALLBACK_USB_GetDescriptor
                0x000001a4       0x78 Descriptors.o
                0x000001a4                CALLBACK_USB_GetDescriptor
 .text.saveProfile
                0x0000021c       0x12 EEMPROM.o
                0x0000021c                saveProfile
 .text.useProfileFromEEprom
                0x0000022e       0x16 EEMPROM.o
                0x0000022e                useProfileFromEEprom
 .text.SetupHardware
                0x00000244       0x34 jtUSB.o
                0x00000244                SetupHardware
 .text.EVENT_USB_Device_Connect
                0x00000278        0x2 jtUSB.o
                0x00000278                EVENT_USB_Device_Connect
 .text.EVENT_USB_Device_Disconnect
                0x0000027a        0x2 jtUSB.o
                0x0000027a                EVENT_USB_Device_Disconnect
 .text.EVENT_USB_Device_ConfigurationChanged
                0x0000027c       0x30 jtUSB.o
                0x0000027c                EVENT_USB_Device_ConfigurationChanged
 .text.EVENT_USB_Device_ControlRequest
                0x000002ac       0x7e jtUSB.o
                0x000002ac                EVENT_USB_Device_ControlRequest
 .text.CDC_Device_Flush
                0x0000032a       0x66 LUFA/Drivers/USB/Class/Device/CDCClassDevice.o
                0x0000032a                CDC_Device_Flush
 .text.CDC_Device_USBTask
                0x00000390       0x32 LUFA/Drivers/USB/Class/Device/CDCClassDevice.o
                0x00000390                CDC_Device_USBTask
 .text.Endpoint_Write_Stream_LE
                0x000003c2       0xc0 LUFA/Drivers/USB/Core/AVR8/EndpointStream_AVR8.o
                0x000003c2                Endpoint_Write_Stream_LE
 .text.Endpoint_Read_Stream_LE
                0x00000482       0xc0 LUFA/Drivers/USB/Core/AVR8/EndpointStream_AVR8.o
                0x00000482                Endpoint_Read_Stream_LE
 .text.Endpoint_Write_Control_Stream_LE
                0x00000542      0x12c LUFA/Drivers/USB/Core/AVR8/EndpointStream_AVR8.o
                0x00000542                Endpoint_Write_Control_Stream_LE
 .text.Endpoint_Read_Control_Stream_LE
                0x0000066e       0xf4 LUFA/Drivers/USB/Core/AVR8/EndpointStream_AVR8.o
                0x0000066e                Endpoint_Read_Control_Stream_LE
 .text.Endpoint_Write_Control_PStream_LE
                0x00000762      0x130 LUFA/Drivers/USB/Core/AVR8/EndpointStream_AVR8.o
                0x00000762                Endpoint_Write_Control_PStream_LE
 .text.Endpoint_Write_Control_EStream_LE
                0x00000892      0x15e LUFA/Drivers/USB/Core/AVR8/EndpointStream_AVR8.o
                0x00000892                Endpoint_Write_Control_EStream_LE
 .text.Endpoint_ConfigureEndpoint_Prv
                0x000009f0       0xcc LUFA/Drivers/USB/Core/AVR8/Endpoint_AVR8.o
                0x000009f0                Endpoint_ConfigureEndpoint_Prv
 .text.Endpoint_ClearStatusStage
                0x00000abc       0x48 LUFA/Drivers/USB/Core/AVR8/Endpoint_AVR8.o
                0x00000abc                Endpoint_ClearStatusStage
 .text.Endpoint_WaitUntilReady
                0x00000b04       0x82 LUFA/Drivers/USB/Core/AVR8/Endpoint_AVR8.o
                0x00000b04                Endpoint_WaitUntilReady
 .text.USB_ResetInterface
                0x00000b86      0x122 LUFA/Drivers/USB/Core/AVR8/USBController_AVR8.o
                0x00000b86                USB_ResetInterface
 .text.USB_Init
                0x00000ca8       0x44 LUFA/Drivers/USB/Core/AVR8/USBController_AVR8.o
                0x00000ca8                USB_Init
 .text.USB_INT_DisableAllInterrupts
                0x00000cec       0x10 LUFA/Drivers/USB/Core/AVR8/USBInterrupt_AVR8.o
                0x00000cec                USB_INT_DisableAllInterrupts
 .text.USB_INT_ClearAllInterrupts
                0x00000cfc        0xa LUFA/Drivers/USB/Core/AVR8/USBInterrupt_AVR8.o
                0x00000cfc                USB_INT_ClearAllInterrupts
 .text.__vector_10
                0x00000d06      0x1d0 LUFA/Drivers/USB/Core/AVR8/USBInterrupt_AVR8.o
                0x00000d06                __vector_10
 .text.USB_Device_ProcessControlRequest
                0x00000ed6      0x384 LUFA/Drivers/USB/Core/DeviceStandardReq.o
                0x00000ed6                USB_Device_ProcessControlRequest
 .text.USB_Event_Stub
                0x0000125a        0x2 LUFA/Drivers/USB/Core/Events.o
                0x0000125a                USB_Event_Stub
                0x0000125a                EVENT_USB_Device_Suspend
                0x0000125a                EVENT_USB_Device_StartOfFrame
                0x0000125a                EVENT_USB_Device_Reset
                0x0000125a                EVENT_USB_Device_WakeUp
 .text.USB_USBTask
                0x0000125c       0x36 LUFA/Drivers/USB/Core/USBTask.o
                0x0000125c                USB_USBTask
 .text.__vector_default
                0x00001292       0x14 main.o
                0x00001292                __vector_default
 .text.alterFanSpeed
                0x000012a6      0x306 main.o
                0x000012a6                alterFanSpeed
 .text.getFanPercent
                0x000015ac      0x266 main.o
                0x000015ac                getFanPercent
 .text.updateCpuTemp
                0x00001812       0x6a main.o
                0x00001812                updateCpuTemp
 .text.useProfileFromPC
                0x0000187c      0x140 main.o
                0x0000187c                useProfileFromPC
 .text.handleRequests
                0x000019bc       0x48 main.o
                0x000019bc                handleRequests
 .text.incrementAdmux
                0x00001a04       0x30 main.o
                0x00001a04                incrementAdmux
 .text.main     0x00001a34      0x142 main.o
                0x00001a34                main
 .text.rpmToString
                0x00001b76       0x28 Ticket.o
                0x00001b76                rpmToString
 .text.sendNumberOfFansTicket
                0x00001b9e       0x7c Ticket.o
                0x00001b9e                sendNumberOfFansTicket
 .text.sendCommonTicket
                0x00001c1a      0x1b2 Ticket.o
                0x00001c1a                sendCommonTicket
 .text.__vector_35
                0x00001dcc       0x68 Timer.o
                0x00001dcc                __vector_35
 .text.__vector_20
                0x00001e34       0x30 Timer.o
                0x00001e34                __vector_20
 .text.__vector_16
                0x00001e64       0x82 Timer.o
                0x00001e64                __vector_16
 .text.__vector_32
                0x00001ee6       0x16 Timer.o
                0x00001ee6                __vector_32
 .text.__vector_33
                0x00001efc       0x16 Timer.o
                0x00001efc                __vector_33
 .text.__vector_34
                0x00001f12       0x16 Timer.o
                0x00001f12                __vector_34
 .text.__vector_17
                0x00001f28       0x16 Timer.o
                0x00001f28                __vector_17
 .text.__vector_18
                0x00001f3e       0x16 Timer.o
                0x00001f3e                __vector_18
 .text.__vector_19
                0x00001f54       0x16 Timer.o
                0x00001f54                __vector_19
 .text.handleTach
                0x00001f6a       0x5c Timer.o
                0x00001f6a                handleTach
 .text.prepareForTach
                0x00001fc6       0x62 Timer.o
                0x00001fc6                prepareForTach
 .text.analogCompInit
                0x00002028       0x38 Timer.o
                0x00002028                analogCompInit
 .text.pwmInit  0x00002060       0x78 Timer.o
                0x00002060                pwmInit
 .text.putTempInString
                0x000020d8       0x3e TWI.o
                0x000020d8                putTempInString
 .text.__vector_36
                0x00002116      0x2aa TWI.o
                0x00002116                __vector_36
 .text.TWIInit  0x000023c0       0x22 TWI.o
                0x000023c0                TWIInit
 .text.avr-libc.fplib
                0x000023e2        0xe m:/atmelstudio/7.0/toolchain/avr8/avr8-gnu-toolchain/bin/../lib/gcc/avr/5.4.0/../../../../avr/lib/avr5\libm.a(addsf3.o)
                0x000023e2                __subsf3
                0x000023e4                __addsf3
 .text.avr-libc.fplib
                0x000023f0       0xcc m:/atmelstudio/7.0/toolchain/avr8/avr8-gnu-toolchain/bin/../lib/gcc/avr/5.4.0/../../../../avr/lib/avr5\libm.a(addsf3x.o)
                0x00002412                __addsf3x
 .text.avr-libc.fplib
                0x000024bc        0xa m:/atmelstudio/7.0/toolchain/avr8/avr8-gnu-toolchain/bin/../lib/gcc/avr/5.4.0/../../../../avr/lib/avr5\libm.a(cmpsf2.o)
                0x000024bc                __nesf2
                0x000024bc                __eqsf2
                0x000024bc                __cmpsf2
                0x000024bc                __ltsf2
                0x000024bc                __lesf2
 .text.avr-libc.fplib
                0x000024c6        0x8 m:/atmelstudio/7.0/toolchain/avr8/avr8-gnu-toolchain/bin/../lib/gcc/avr/5.4.0/../../../../avr/lib/avr5\libm.a(divsf3.o)
                0x000024c6                __divsf3
 .text.avr-libc.fplib
                0x000024ce       0xdc m:/atmelstudio/7.0/toolchain/avr8/avr8-gnu-toolchain/bin/../lib/gcc/avr/5.4.0/../../../../avr/lib/avr5\libm.a(divsf3x.o)
                0x000024ee                __divsf3x
                0x000024f4                __divsf3_pse
 .text.avr-libc.fplib
                0x000025aa        0xe m:/atmelstudio/7.0/toolchain/avr8/avr8-gnu-toolchain/bin/../lib/gcc/avr/5.4.0/../../../../avr/lib/avr5\libm.a(fixsfsi.o)
                0x000025aa                __fixsfsi
 .text.avr-libc.fplib
                0x000025b8       0x5e m:/atmelstudio/7.0/toolchain/avr8/avr8-gnu-toolchain/bin/../lib/gcc/avr/5.4.0/../../../../avr/lib/avr5\libm.a(fixunssfsi.o)
                0x000025b8                __fixunssfsi
 .text.avr-libc.fplib
                0x00002616       0x7a m:/atmelstudio/7.0/toolchain/avr8/avr8-gnu-toolchain/bin/../lib/gcc/avr/5.4.0/../../../../avr/lib/avr5\libm.a(floatsisf.o)
                0x00002616                __floatunsisf
                0x0000261a                __floatsisf
 .text.avr-libc.fplib
                0x00002690       0x48 m:/atmelstudio/7.0/toolchain/avr8/avr8-gnu-toolchain/bin/../lib/gcc/avr/5.4.0/../../../../avr/lib/avr5\libm.a(fp_cmp.o)
                0x00002690                __fp_cmp
 .text.avr-libc.fplib
                0x000026d8        0xc m:/atmelstudio/7.0/toolchain/avr8/avr8-gnu-toolchain/bin/../lib/gcc/avr/5.4.0/../../../../avr/lib/avr5\libm.a(fp_inf.o)
                0x000026d8                __fp_inf
 .text.avr-libc.fplib
                0x000026e4        0x6 m:/atmelstudio/7.0/toolchain/avr8/avr8-gnu-toolchain/bin/../lib/gcc/avr/5.4.0/../../../../avr/lib/avr5\libm.a(fp_nan.o)
                0x000026e4                __fp_nan
 .text.avr-libc.fplib
                0x000026ea        0xe m:/atmelstudio/7.0/toolchain/avr8/avr8-gnu-toolchain/bin/../lib/gcc/avr/5.4.0/../../../../avr/lib/avr5\libm.a(fp_pscA.o)
                0x000026ea                __fp_pscA
 .text.avr-libc.fplib
                0x000026f8        0xe m:/atmelstudio/7.0/toolchain/avr8/avr8-gnu-toolchain/bin/../lib/gcc/avr/5.4.0/../../../../avr/lib/avr5\libm.a(fp_pscB.o)
                0x000026f8                __fp_pscB
 .text.avr-libc.fplib
                0x00002706       0x22 m:/atmelstudio/7.0/toolchain/avr8/avr8-gnu-toolchain/bin/../lib/gcc/avr/5.4.0/../../../../avr/lib/avr5\libm.a(fp_round.o)
                0x00002706                __fp_round
 .text.avr-libc.fplib
                0x00002728       0x44 m:/atmelstudio/7.0/toolchain/avr8/avr8-gnu-toolchain/bin/../lib/gcc/avr/5.4.0/../../../../avr/lib/avr5\libm.a(fp_split3.o)
                0x00002728                __fp_split3
                0x00002738                __fp_splitA
 .text.avr-libc.fplib
                0x0000276c        0xe m:/atmelstudio/7.0/toolchain/avr8/avr8-gnu-toolchain/bin/../lib/gcc/avr/5.4.0/../../../../avr/lib/avr5\libm.a(fp_zero.o)
                0x0000276c                __fp_zero
                0x0000276e                __fp_szero
 .text.avr-libc.fplib
                0x0000277a        0x8 m:/atmelstudio/7.0/toolchain/avr8/avr8-gnu-toolchain/bin/../lib/gcc/avr/5.4.0/../../../../avr/lib/avr5\libm.a(mulsf3.o)
                0x0000277a                __mulsf3
 .text.avr-libc.fplib
                0x00002782       0xd2 m:/atmelstudio/7.0/toolchain/avr8/avr8-gnu-toolchain/bin/../lib/gcc/avr/5.4.0/../../../../avr/lib/avr5\libm.a(mulsf3x.o)
                0x000027a0                __mulsf3x
                0x000027a6                __mulsf3_pse
 .text.libgcc.div
                0x00002854       0x28 m:/atmelstudio/7.0/toolchain/avr8/avr8-gnu-toolchain/bin/../lib/gcc/avr/5.4.0/avr5\libgcc.a(_divmodhi4.o)
                0x00002854                _div
                0x00002854                __divmodhi4
 .text.libgcc.div
                0x0000287c       0x44 m:/atmelstudio/7.0/toolchain/avr8/avr8-gnu-toolchain/bin/../lib/gcc/avr/5.4.0/avr5\libgcc.a(_udivmodsi4.o)
                0x0000287c                __udivmodsi4
 .text.libgcc.div
                0x000028c0       0x2e m:/atmelstudio/7.0/toolchain/avr8/avr8-gnu-toolchain/bin/../lib/gcc/avr/5.4.0/avr5\libgcc.a(_divmodsi4.o)
                0x000028c0                __divmodsi4
 .text.libgcc.div
                0x000028ee       0x10 m:/atmelstudio/7.0/toolchain/avr8/avr8-gnu-toolchain/bin/../lib/gcc/avr/5.4.0/avr5\libgcc.a(_negsi2.o)
                0x000028ee                __negsi2
 .text.libgcc   0x000028fe        0xc m:/atmelstudio/7.0/toolchain/avr8/avr8-gnu-toolchain/bin/../lib/gcc/avr/5.4.0/avr5\libgcc.a(_tablejump2.o)
                0x000028fe                __tablejump2__
 .text.libgcc.mul
                0x0000290a        0xe m:/atmelstudio/7.0/toolchain/avr8/avr8-gnu-toolchain/bin/../lib/gcc/avr/5.4.0/avr5\libgcc.a(_usmulhisi3.o)
                0x0000290a                __usmulhisi3
                0x0000290e                __usmulhisi3_tail
 .text.libgcc.div
                0x00002918       0x28 m:/atmelstudio/7.0/toolchain/avr8/avr8-gnu-toolchain/bin/../lib/gcc/avr/5.4.0/avr5\libgcc.a(_udivmodhi4.o)
                0x00002918                __udivmodhi4
 .text.libgcc.mul
                0x00002940       0x1e m:/atmelstudio/7.0/toolchain/avr8/avr8-gnu-toolchain/bin/../lib/gcc/avr/5.4.0/avr5\libgcc.a(_umulhisi3.o)
                0x00002940                __umulhisi3
 .text.avr-libc
                0x0000295e       0x20 M:/AtmelStudio/7.0/Packs/atmel/ATmega_DFP/1.3.300/gcc/dev/atmega32u4/avr5\libatmega32u4.a(eerd_block.o)
                0x0000295e                eeprom_read_block
                0x00002962                eeprom_read_blraw
 .text.avr-libc
                0x0000297e       0x10 M:/AtmelStudio/7.0/Packs/atmel/ATmega_DFP/1.3.300/gcc/dev/atmega32u4/avr5\libatmega32u4.a(eerd_byte.o)
                0x0000297e                eeprom_read_byte
 .text.avr-libc
                0x0000298e       0x20 M:/AtmelStudio/7.0/Packs/atmel/ATmega_DFP/1.3.300/gcc/dev/atmega32u4/avr5\libatmega32u4.a(eeupd_block.o)
                0x0000298e                eeprom_update_block
 .text.avr-libc
                0x000029ae       0x24 M:/AtmelStudio/7.0/Packs/atmel/ATmega_DFP/1.3.300/gcc/dev/atmega32u4/avr5\libatmega32u4.a(eeupd_byte.o)
                0x000029ae                eeprom_update_byte
                0x000029b0                eeprom_update_r18
                0x000029d2                . = ALIGN (0x2)
 *(.fini9)
 .fini9         0x000029d2        0x0 m:/atmelstudio/7.0/toolchain/avr8/avr8-gnu-toolchain/bin/../lib/gcc/avr/5.4.0/avr5\libgcc.a(_exit.o)
                0x000029d2                _exit
                0x000029d2                exit
 *(.fini9)
 *(.fini8)
 *(.fini8)
 *(.fini7)
 *(.fini7)
 *(.fini6)
 *(.fini6)
 *(.fini5)
 *(.fini5)
 *(.fini4)
 *(.fini4)
 *(.fini3)
 *(.fini3)
 *(.fini2)
 *(.fini2)
 *(.fini1)
 *(.fini1)
 *(.fini0)
 .fini0         0x000029d2        0x4 m:/atmelstudio/7.0/toolchain/avr8/avr8-gnu-toolchain/bin/../lib/gcc/avr/5.4.0/avr5\libgcc.a(_exit.o)
 *(.fini0)
                0x000029d6                _etext = .

.data           0x00800100       0xea load address 0x000029d6
                0x00800100                PROVIDE (__data_start, .)
 *(.data)
 *(.data*)
 .data.LineEncoding1
                0x00800100        0x7 jtUSB.o
 .data.VirtualSerial1_CDC_Interface
                0x00800107       0x1b jtUSB.o
                0x00800107                VirtualSerial1_CDC_Interface
 .data.USB_Device_ControlEndpointSize
                0x00800122        0x1 LUFA/Drivers/USB/Core/AVR8/Endpoint_AVR8.o
                0x00800122                USB_Device_ControlEndpointSize
 .data.g_timer1FanMask
                0x00800123        0x1 main.o
                0x00800123                g_timer1FanMask
 .data.g_timer3FanMask
                0x00800124        0x1 main.o
                0x00800124                g_timer3FanMask
 .data.g_cpuTemp
                0x00800125        0x2 main.o
                0x00800125                g_cpuTemp
 .data.g_temp2  0x00800127        0x2 main.o
                0x00800127                g_temp2
 .data.g_temp1  0x00800129        0x2 main.o
                0x00800129                g_temp1
 .data.g_fanPercentages
                0x0080012b        0x6 main.o
                0x0080012b                g_fanPercentages
 .data.g_fanTypes
                0x00800131        0xc main.o
                0x00800131                g_fanTypes
 .data.temp2    0x0080013d        0x2 TWI.o
                0x0080013d                temp2
 .data.temp1    0x0080013f        0x2 TWI.o
                0x0080013f                temp1
 .data.tempHeader
                0x00800141        0x2 TWI.o
                0x00800141                tempHeader
 *(.gnu.linkonce.d*)
 *(.rodata)
 .rodata        0x00800143       0x13 Ticket.o
 *(.rodata*)
 .rodata.ProductString
                0x00800156       0x22 Descriptors.o
                0x00800156                ProductString
 .rodata.ManufacturerString
                0x00800178       0x1a Descriptors.o
                0x00800178                ManufacturerString
 .rodata.ConfigurationDescriptor
                0x00800192       0x46 Descriptors.o
                0x00800192                ConfigurationDescriptor
 .rodata.DeviceDescriptor
                0x008001d8       0x12 Descriptors.o
                0x008001d8                DeviceDescriptor
 *(.gnu.linkonce.r*)
                0x008001ea                . = ALIGN (0x2)
                0x008001ea                _edata = .
                0x008001ea                PROVIDE (__data_end, .)

.bss            0x008001ea       0xac
                0x008001ea                PROVIDE (__bss_start, .)
 *(.bss)
 *(.bss*)
 .bss.g_seconds
                0x008001ea        0x2 main.o
 .bss.g_currentFanProfile
                0x008001ec       0x7e main.o
                0x008001ec                g_currentFanProfile
 .bss.g_fanSpeeds
                0x0080026a        0xc main.o
                0x0080026a                g_fanSpeeds
 .bss.g_zeroRpmTest
                0x00800276        0x2 Timer.o
                0x00800276                g_zeroRpmTest
 .bss.g_thirdTime
                0x00800278        0x2 Timer.o
                0x00800278                g_thirdTime
 .bss.g_secondTime
                0x0080027a        0x2 Timer.o
 .bss.g_firstTime
                0x0080027c        0x2 Timer.o
 .bss.g_countoTo15656
                0x0080027e        0x2 Timer.o
                0x0080027e                g_countoTo15656
 .bss.g_oneSecond
                0x00800280        0x2 Timer.o
                0x00800280                g_oneSecond
 .bss.temptemp  0x00800282        0x2 TWI.o
                0x00800282                temptemp
 .bss.initialized2
                0x00800284        0x2 TWI.o
                0x00800284                initialized2
 .bss.initialized1
                0x00800286        0x2 TWI.o
                0x00800286                initialized1
 *(COMMON)
 COMMON         0x00800288        0x1 LUFA/Drivers/USB/Core/AVR8/USBController_AVR8.o
                0x00800288                USB_Options
 COMMON         0x00800289        0x3 LUFA/Drivers/USB/Core/DeviceStandardReq.o
                0x00800289                USB_Device_ConfigurationNumber
                0x0080028a                USB_Device_CurrentlySelfPowered
                0x0080028b                USB_Device_RemoteWakeupEnabled
 COMMON         0x0080028c        0xa LUFA/Drivers/USB/Core/USBTask.o
                0x0080028c                USB_IsInitialized
                0x0080028d                USB_DeviceState
                0x0080028e                USB_ControlRequest
                0x00800296                PROVIDE (__bss_end, .)
                0x000029d6                __data_load_start = LOADADDR (.data)
                0x00002ac0                __data_load_end = (__data_load_start + SIZEOF (.data))

.noinit         0x00800296        0x0
                [!provide]                PROVIDE (__noinit_start, .)
 *(.noinit*)
                [!provide]                PROVIDE (__noinit_end, .)
                0x00800296                _end = .
                [!provide]                PROVIDE (__heap_start, .)

.eeprom         0x00810000        0x0
 *(.eeprom*)
                0x00810000                __eeprom_end = .

.fuse
 *(.fuse)
 *(.lfuse)
 *(.hfuse)
 *(.efuse)

.lock
 *(.lock*)

.signature
 *(.signature*)

.user_signatures
 *(.user_signatures*)

.stab
 *(.stab)

.stabstr
 *(.stabstr)

.stab.excl
 *(.stab.excl)

.stab.exclstr
 *(.stab.exclstr)

.stab.index
 *(.stab.index)

.stab.indexstr
 *(.stab.indexstr)

.comment        0x00000000       0x30
 *(.comment)
 .comment       0x00000000       0x30 Descriptors.o
                                 0x31 (size before relaxing)
 .comment       0x00000030       0x31 EEMPROM.o
 .comment       0x00000030       0x31 jtUSB.o
 .comment       0x00000030       0x31 LUFA/Drivers/USB/Class/Device/CDCClassDevice.o
 .comment       0x00000030       0x31 LUFA/Drivers/USB/Core/AVR8/EndpointStream_AVR8.o
 .comment       0x00000030       0x31 LUFA/Drivers/USB/Core/AVR8/Endpoint_AVR8.o
 .comment       0x00000030       0x31 LUFA/Drivers/USB/Core/AVR8/USBController_AVR8.o
 .comment       0x00000030       0x31 LUFA/Drivers/USB/Core/AVR8/USBInterrupt_AVR8.o
 .comment       0x00000030       0x31 LUFA/Drivers/USB/Core/DeviceStandardReq.o
 .comment       0x00000030       0x31 LUFA/Drivers/USB/Core/Events.o
 .comment       0x00000030       0x31 LUFA/Drivers/USB/Core/USBTask.o
 .comment       0x00000030       0x31 main.o
 .comment       0x00000030       0x31 Ticket.o
 .comment       0x00000030       0x31 Timer.o
 .comment       0x00000030       0x31 TWI.o

.note.gnu.avr.deviceinfo
                0x00000000       0x40
 .note.gnu.avr.deviceinfo
                0x00000000       0x40 M:/AtmelStudio/7.0/Packs/atmel/ATmega_DFP/1.3.300/gcc/dev/atmega32u4/avr5/crtatmega32u4.o

.note.gnu.build-id
 *(.note.gnu.build-id)

.debug
 *(.debug)

.line
 *(.line)

.debug_srcinfo
 *(.debug_srcinfo)

.debug_sfnames
 *(.debug_sfnames)

.debug_aranges  0x00000000      0x4e0
 *(.debug_aranges)
 .debug_aranges
                0x00000000       0x20 Descriptors.o
 .debug_aranges
                0x00000020       0x28 EEMPROM.o
 .debug_aranges
                0x00000048       0x48 jtUSB.o
 .debug_aranges
                0x00000090       0xa8 LUFA/Drivers/USB/Class/Device/CDCClassDevice.o
 .debug_aranges
                0x00000138       0xc8 LUFA/Drivers/USB/Core/AVR8/EndpointStream_AVR8.o
 .debug_aranges
                0x00000200       0x40 LUFA/Drivers/USB/Core/AVR8/Endpoint_AVR8.o
 .debug_aranges
                0x00000240       0x30 LUFA/Drivers/USB/Core/AVR8/USBController_AVR8.o
 .debug_aranges
                0x00000270       0x30 LUFA/Drivers/USB/Core/AVR8/USBInterrupt_AVR8.o
 .debug_aranges
                0x000002a0       0x20 LUFA/Drivers/USB/Core/DeviceStandardReq.o
 .debug_aranges
                0x000002c0       0x20 LUFA/Drivers/USB/Core/Events.o
 .debug_aranges
                0x000002e0       0x20 LUFA/Drivers/USB/Core/USBTask.o
 .debug_aranges
                0x00000300       0x60 main.o
 .debug_aranges
                0x00000360       0x38 Ticket.o
 .debug_aranges
                0x00000398       0x80 Timer.o
 .debug_aranges
                0x00000418       0x48 TWI.o
 .debug_aranges
                0x00000460       0x20 M:/AtmelStudio/7.0/Packs/atmel/ATmega_DFP/1.3.300/gcc/dev/atmega32u4/avr5\libatmega32u4.a(eerd_block.o)
 .debug_aranges
                0x00000480       0x20 M:/AtmelStudio/7.0/Packs/atmel/ATmega_DFP/1.3.300/gcc/dev/atmega32u4/avr5\libatmega32u4.a(eerd_byte.o)
 .debug_aranges
                0x000004a0       0x20 M:/AtmelStudio/7.0/Packs/atmel/ATmega_DFP/1.3.300/gcc/dev/atmega32u4/avr5\libatmega32u4.a(eeupd_block.o)
 .debug_aranges
                0x000004c0       0x20 M:/AtmelStudio/7.0/Packs/atmel/ATmega_DFP/1.3.300/gcc/dev/atmega32u4/avr5\libatmega32u4.a(eeupd_byte.o)

.debug_pubnames
 *(.debug_pubnames)

.debug_info     0x00000000     0x8c32
 *(.debug_info .gnu.linkonce.wi.*)
 .debug_info    0x00000000      0x9f4 M:/AtmelStudio/7.0/Packs/atmel/ATmega_DFP/1.3.300/gcc/dev/atmega32u4/avr5/crtatmega32u4.o
 .debug_info    0x000009f4      0x89a Descriptors.o
 .debug_info    0x0000128e      0x467 EEMPROM.o
 .debug_info    0x000016f5      0x953 jtUSB.o
 .debug_info    0x00002048      0xff6 LUFA/Drivers/USB/Class/Device/CDCClassDevice.o
 .debug_info    0x0000303e     0x1826 LUFA/Drivers/USB/Core/AVR8/EndpointStream_AVR8.o
 .debug_info    0x00004864      0x62a LUFA/Drivers/USB/Core/AVR8/Endpoint_AVR8.o
 .debug_info    0x00004e8e      0x7c3 LUFA/Drivers/USB/Core/AVR8/USBController_AVR8.o
 .debug_info    0x00005651      0x6d7 LUFA/Drivers/USB/Core/AVR8/USBInterrupt_AVR8.o
 .debug_info    0x00005d28      0xc7a LUFA/Drivers/USB/Core/DeviceStandardReq.o
 .debug_info    0x000069a2       0x78 LUFA/Drivers/USB/Core/Events.o
 .debug_info    0x00006a1a      0x272 LUFA/Drivers/USB/Core/USBTask.o
 .debug_info    0x00006c8c      0x942 main.o
 .debug_info    0x000075ce      0x7dd Ticket.o
 .debug_info    0x00007dab      0x5ba Timer.o
 .debug_info    0x00008365      0x661 TWI.o
 .debug_info    0x000089c6       0x9b M:/AtmelStudio/7.0/Packs/atmel/ATmega_DFP/1.3.300/gcc/dev/atmega32u4/avr5\libatmega32u4.a(eerd_block.o)
 .debug_info    0x00008a61       0x9a M:/AtmelStudio/7.0/Packs/atmel/ATmega_DFP/1.3.300/gcc/dev/atmega32u4/avr5\libatmega32u4.a(eerd_byte.o)
 .debug_info    0x00008afb       0x9c M:/AtmelStudio/7.0/Packs/atmel/ATmega_DFP/1.3.300/gcc/dev/atmega32u4/avr5\libatmega32u4.a(eeupd_block.o)
 .debug_info    0x00008b97       0x9b M:/AtmelStudio/7.0/Packs/atmel/ATmega_DFP/1.3.300/gcc/dev/atmega32u4/avr5\libatmega32u4.a(eeupd_byte.o)

.debug_abbrev   0x00000000     0x27f1
 *(.debug_abbrev)
 .debug_abbrev  0x00000000      0x96a M:/AtmelStudio/7.0/Packs/atmel/ATmega_DFP/1.3.300/gcc/dev/atmega32u4/avr5/crtatmega32u4.o
 .debug_abbrev  0x0000096a      0x15f Descriptors.o
 .debug_abbrev  0x00000ac9      0x121 EEMPROM.o
 .debug_abbrev  0x00000bea      0x280 jtUSB.o
 .debug_abbrev  0x00000e6a      0x405 LUFA/Drivers/USB/Class/Device/CDCClassDevice.o
 .debug_abbrev  0x0000126f      0x1fb LUFA/Drivers/USB/Core/AVR8/EndpointStream_AVR8.o
 .debug_abbrev  0x0000146a      0x244 LUFA/Drivers/USB/Core/AVR8/Endpoint_AVR8.o
 .debug_abbrev  0x000016ae      0x20c LUFA/Drivers/USB/Core/AVR8/USBController_AVR8.o
 .debug_abbrev  0x000018ba      0x1c5 LUFA/Drivers/USB/Core/AVR8/USBInterrupt_AVR8.o
 .debug_abbrev  0x00001a7f      0x2ad LUFA/Drivers/USB/Core/DeviceStandardReq.o
 .debug_abbrev  0x00001d2c       0x44 LUFA/Drivers/USB/Core/Events.o
 .debug_abbrev  0x00001d70      0x16b LUFA/Drivers/USB/Core/USBTask.o
 .debug_abbrev  0x00001edb      0x2ef main.o
 .debug_abbrev  0x000021ca      0x1db Ticket.o
 .debug_abbrev  0x000023a5      0x1d8 Timer.o
 .debug_abbrev  0x0000257d      0x224 TWI.o
 .debug_abbrev  0x000027a1       0x14 M:/AtmelStudio/7.0/Packs/atmel/ATmega_DFP/1.3.300/gcc/dev/atmega32u4/avr5\libatmega32u4.a(eerd_block.o)
 .debug_abbrev  0x000027b5       0x14 M:/AtmelStudio/7.0/Packs/atmel/ATmega_DFP/1.3.300/gcc/dev/atmega32u4/avr5\libatmega32u4.a(eerd_byte.o)
 .debug_abbrev  0x000027c9       0x14 M:/AtmelStudio/7.0/Packs/atmel/ATmega_DFP/1.3.300/gcc/dev/atmega32u4/avr5\libatmega32u4.a(eeupd_block.o)
 .debug_abbrev  0x000027dd       0x14 M:/AtmelStudio/7.0/Packs/atmel/ATmega_DFP/1.3.300/gcc/dev/atmega32u4/avr5\libatmega32u4.a(eeupd_byte.o)

.debug_line     0x00000000     0x54e7
 *(.debug_line .debug_line.* .debug_line_end)
 .debug_line    0x00000000      0x199 M:/AtmelStudio/7.0/Packs/atmel/ATmega_DFP/1.3.300/gcc/dev/atmega32u4/avr5/crtatmega32u4.o
 .debug_line    0x00000199      0x229 Descriptors.o
 .debug_line    0x000003c2      0x1ed EEMPROM.o
 .debug_line    0x000005af      0x37e jtUSB.o
 .debug_line    0x0000092d      0x919 LUFA/Drivers/USB/Class/Device/CDCClassDevice.o
 .debug_line    0x00001246     0x1829 LUFA/Drivers/USB/Core/AVR8/EndpointStream_AVR8.o
 .debug_line    0x00002a6f      0x512 LUFA/Drivers/USB/Core/AVR8/Endpoint_AVR8.o
 .debug_line    0x00002f81      0x3e7 LUFA/Drivers/USB/Core/AVR8/USBController_AVR8.o
 .debug_line    0x00003368      0x499 LUFA/Drivers/USB/Core/AVR8/USBInterrupt_AVR8.o
 .debug_line    0x00003801      0x558 LUFA/Drivers/USB/Core/DeviceStandardReq.o
 .debug_line    0x00003d59       0x4f LUFA/Drivers/USB/Core/Events.o
 .debug_line    0x00003da8      0x177 LUFA/Drivers/USB/Core/USBTask.o
 .debug_line    0x00003f1f      0x75a main.o
 .debug_line    0x00004679      0x397 Ticket.o
 .debug_line    0x00004a10      0x43b Timer.o
 .debug_line    0x00004e4b      0x41c TWI.o
 .debug_line    0x00005267       0xab M:/AtmelStudio/7.0/Packs/atmel/ATmega_DFP/1.3.300/gcc/dev/atmega32u4/avr5\libatmega32u4.a(eerd_block.o)
 .debug_line    0x00005312       0x7a M:/AtmelStudio/7.0/Packs/atmel/ATmega_DFP/1.3.300/gcc/dev/atmega32u4/avr5\libatmega32u4.a(eerd_byte.o)
 .debug_line    0x0000538c       0xa5 M:/AtmelStudio/7.0/Packs/atmel/ATmega_DFP/1.3.300/gcc/dev/atmega32u4/avr5\libatmega32u4.a(eeupd_block.o)
 .debug_line    0x00005431       0xb6 M:/AtmelStudio/7.0/Packs/atmel/ATmega_DFP/1.3.300/gcc/dev/atmega32u4/avr5\libatmega32u4.a(eeupd_byte.o)

.debug_frame    0x00000000      0xf7c
 *(.debug_frame)
 .debug_frame   0x00000000       0x24 Descriptors.o
 .debug_frame   0x00000024       0x34 EEMPROM.o
 .debug_frame   0x00000058       0x80 jtUSB.o
 .debug_frame   0x000000d8      0x188 LUFA/Drivers/USB/Class/Device/CDCClassDevice.o
 .debug_frame   0x00000260      0x658 LUFA/Drivers/USB/Core/AVR8/EndpointStream_AVR8.o
 .debug_frame   0x000008b8       0xdc LUFA/Drivers/USB/Core/AVR8/Endpoint_AVR8.o
 .debug_frame   0x00000994       0x54 LUFA/Drivers/USB/Core/AVR8/USBController_AVR8.o
 .debug_frame   0x000009e8       0x8c LUFA/Drivers/USB/Core/AVR8/USBInterrupt_AVR8.o
 .debug_frame   0x00000a74       0x40 LUFA/Drivers/USB/Core/DeviceStandardReq.o
 .debug_frame   0x00000ab4       0x24 LUFA/Drivers/USB/Core/Events.o
 .debug_frame   0x00000ad8       0x2c LUFA/Drivers/USB/Core/USBTask.o
 .debug_frame   0x00000b04      0x174 main.o
 .debug_frame   0x00000c78       0xa8 Ticket.o
 .debug_frame   0x00000d20      0x17c Timer.o
 .debug_frame   0x00000e9c       0xe0 TWI.o

.debug_str      0x00000000     0x2d28
 *(.debug_str)
 .debug_str     0x00000000      0x371 M:/AtmelStudio/7.0/Packs/atmel/ATmega_DFP/1.3.300/gcc/dev/atmega32u4/avr5/crtatmega32u4.o
 .debug_str     0x00000371      0xc3a Descriptors.o
                                0xcd7 (size before relaxing)
 .debug_str     0x00000fab      0x289 EEMPROM.o
                                0x40b (size before relaxing)
 .debug_str     0x00001234      0x46f jtUSB.o
                                0x874 (size before relaxing)
 .debug_str     0x000016a3      0x608 LUFA/Drivers/USB/Class/Device/CDCClassDevice.o
                                0xa66 (size before relaxing)
 .debug_str     0x00001cab      0x385 LUFA/Drivers/USB/Core/AVR8/EndpointStream_AVR8.o
                                0x87a (size before relaxing)
 .debug_str     0x00002030      0x155 LUFA/Drivers/USB/Core/AVR8/Endpoint_AVR8.o
                                0x62e (size before relaxing)
 .debug_str     0x00002185      0x2d8 LUFA/Drivers/USB/Core/AVR8/USBController_AVR8.o
                                0x7ff (size before relaxing)
 .debug_str     0x0000245d      0x12f LUFA/Drivers/USB/Core/AVR8/USBInterrupt_AVR8.o
                                0x54e (size before relaxing)
 .debug_str     0x0000258c      0x44c LUFA/Drivers/USB/Core/DeviceStandardReq.o
                                0xb3f (size before relaxing)
 .debug_str     0x000029d8       0x31 LUFA/Drivers/USB/Core/Events.o
                                0x193 (size before relaxing)
 .debug_str     0x00002a09       0x5b LUFA/Drivers/USB/Core/USBTask.o
                                0x374 (size before relaxing)
 .debug_str     0x00002a64      0x138 main.o
                                0x5b1 (size before relaxing)
 .debug_str     0x00002b9c       0x46 Ticket.o
                                0x465 (size before relaxing)
 .debug_str     0x00002be2       0xc5 Timer.o
                                0x4b9 (size before relaxing)
 .debug_str     0x00002ca7       0x81 TWI.o
                                0x4a6 (size before relaxing)

.debug_loc      0x00000000     0x588d
 *(.debug_loc)
 .debug_loc     0x00000000      0x24c Descriptors.o
 .debug_loc     0x0000024c      0x137 jtUSB.o
 .debug_loc     0x00000383      0xa23 LUFA/Drivers/USB/Class/Device/CDCClassDevice.o
 .debug_loc     0x00000da6     0x2aad LUFA/Drivers/USB/Core/AVR8/EndpointStream_AVR8.o
 .debug_loc     0x00003853      0x593 LUFA/Drivers/USB/Core/AVR8/Endpoint_AVR8.o
 .debug_loc     0x00003de6      0x1c8 LUFA/Drivers/USB/Core/AVR8/USBController_AVR8.o
 .debug_loc     0x00003fae      0x322 LUFA/Drivers/USB/Core/AVR8/USBInterrupt_AVR8.o
 .debug_loc     0x000042d0      0x349 LUFA/Drivers/USB/Core/DeviceStandardReq.o
 .debug_loc     0x00004619       0x49 LUFA/Drivers/USB/Core/USBTask.o
 .debug_loc     0x00004662      0x7e8 main.o
 .debug_loc     0x00004e4a      0x360 Ticket.o
 .debug_loc     0x000051aa      0x29e Timer.o
 .debug_loc     0x00005448      0x445 TWI.o

.debug_macinfo
 *(.debug_macinfo)

.debug_weaknames
 *(.debug_weaknames)

.debug_funcnames
 *(.debug_funcnames)

.debug_typenames
 *(.debug_typenames)

.debug_varnames
 *(.debug_varnames)

.debug_pubtypes
 *(.debug_pubtypes)

.debug_ranges   0x00000000      0xdb8
 *(.debug_ranges)
 .debug_ranges  0x00000000       0x10 Descriptors.o
 .debug_ranges  0x00000010       0x18 EEMPROM.o
 .debug_ranges  0x00000028       0x38 jtUSB.o
 .debug_ranges  0x00000060       0x98 LUFA/Drivers/USB/Class/Device/CDCClassDevice.o
 .debug_ranges  0x000000f8      0x928 LUFA/Drivers/USB/Core/AVR8/EndpointStream_AVR8.o
 .debug_ranges  0x00000a20      0x190 LUFA/Drivers/USB/Core/AVR8/Endpoint_AVR8.o
 .debug_ranges  0x00000bb0       0x20 LUFA/Drivers/USB/Core/AVR8/USBController_AVR8.o
 .debug_ranges  0x00000bd0       0x20 LUFA/Drivers/USB/Core/AVR8/USBInterrupt_AVR8.o
 .debug_ranges  0x00000bf0       0x58 LUFA/Drivers/USB/Core/DeviceStandardReq.o
 .debug_ranges  0x00000c48       0x10 LUFA/Drivers/USB/Core/Events.o
 .debug_ranges  0x00000c58       0x10 LUFA/Drivers/USB/Core/USBTask.o
 .debug_ranges  0x00000c68       0x80 main.o
 .debug_ranges  0x00000ce8       0x28 Ticket.o
 .debug_ranges  0x00000d10       0x70 Timer.o
 .debug_ranges  0x00000d80       0x38 TWI.o

.debug_macro
 *(.debug_macro)
OUTPUT(FanController8.elf elf32-avr)
LOAD linker stubs
